Open Watcom Linker Version 2.0 beta Jul 15 2025 16:18:24 (32-bit)
Copyright (c) 2002-2025 The Open Watcom Contributors. All Rights Reserved.
Portions Copyright (c) 1985-2002 Sybase, Inc. All Rights Reserved.
Created on:       25/07/21 18:56:48
Executable Image: Watcom.exe
creating a DOS executable


                        +------------+
                        |   Groups   |
                        +------------+

Group                           Address              Size
=====                           =======              ====

DGROUP                          07a6:0000            000012e0



                        +--------------+
                        |   Segments   |
                        +--------------+

Segment                Class          Group          Address         Size
=======                =====          =====          =======         ====

coniodemo_TEXT         CODE           AUTO           0000:0000       00001623
coniox_TEXT            CODE           AUTO           0000:1623       00001ffc
_TEXT                  CODE           AUTO           0000:3620       00004438
FAR_DATA               FAR_DATA       AUTO           07a5:0008       00000000
_NULL                  BEGDATA        DGROUP         07a6:0000       00000020
_AFTERNULL             BEGDATA        DGROUP         07a8:0000       00000002
CONST                  DATA           DGROUP         07a8:0002       000005d2
CONST2                 DATA           DGROUP         0805:0004       00000109
_DATA                  DATA           DGROUP         0815:000e       0000026c
XIB                    DATA           DGROUP         083c:000a       00000000
XI                     DATA           DGROUP         083c:000a       0000001e
XIE                    DATA           DGROUP         083e:0008       00000000
YIB                    DATA           DGROUP         083e:0008       00000000
YI                     DATA           DGROUP         083e:0008       00000006
YIE                    DATA           DGROUP         083e:000e       00000000
DATA                   DATA           DGROUP         083e:000e       00000000
_BSS                   BSS            DGROUP         083e:000e       00000146
STACK                  STACK          DGROUP         0854:0000       00000800


                        +----------------+
                        |   Memory Map   |
                        +----------------+

* = unreferenced symbol
+ = symbol only referenced locally

Address        Symbol
=======        ======

Module: coniodemo.obj(D:\PROYECTOS\coniox\coniodemo.c)
0000:0000      main_
0000:0049+     pause_
0000:009d+     init_
0000:01af+     finish_
0000:0229+     info_
0000:03af+     chars_
0000:0493+     windows_
0000:06df+     movetexts_
0000:076a+     speed_
0000:0b9b+     getputtexts_
0000:0ccf+     inputs_
0000:0e59+     demo3_
0000:1355+     demo2_
Module: coniox.obj(D:\PROYECTOS\coniox\coniox.c)
0000:1623+     coniox_vsscanf_
0000:1789+     clreol_
0000:17ef      gettextinfo_
0000:1836+     highvideo_
0000:1859+     lowvideo_
0000:187c+     normvideo_
0000:18a1      textbackground_
0000:18dd      textcolor_
0000:1914      window_
0000:199a      putch_
0000:1bdb      cgets_
0000:1de5      cprintf_
0000:1e4e+     cscanf_
0000:1ebb      getche_
0000:1f08      getpass_
0000:20c0      wherex_
0000:20f1      wherey_
0000:2122      coniox_init_
0000:2378      cputs_
0000:2608+     coniox_putchxyattrwh_
0000:2736+     coniox_idle_
0000:27ca+     coniox_get_is_emulator_
0000:281c+     coniox_blink_
0000:28e6      delay_
0000:29da      textmode_
0000:2afd      _setcursortype_
0000:2c31      textattr_
0000:2c5c      gotoxy_
0000:2de0+     delline_
0000:2ec8      gettext_
0000:2f9a      puttext_
0000:306c      movetext_
0000:314c+     coniox_movetext_nonoverlap_
0000:322c      clrscr_
0000:32e1+     getwch_
0000:3314      kbhit_
0000:33e2      getch_
0000:351d      ungetch_
07a6:06fe      _directvideo
07a6:0700      __wscroll
07a6:0702+     _coniox_setcursortype
07a6:0754+     _coniox_basecrt
07a6:0756+     _coniox_is_emulator
07a6:0758+     _getch_last_extended_key
07a6:098e+     _coniox_vram
07a6:0992+     _coniox_currentoffset
07a6:0996+     _ti
Module: D:\FICHEROS\OC\lib286\dos\clibl.lib(stk)
0000:3625      __STK
0000:3645*     __STKOVERFLOW_
Module: D:\FICHEROS\OC\lib286\dos\clibl.lib(memset)
0000:3662      memset_
Module: D:\FICHEROS\OC\lib286\dos\clibl.lib(strcpy)
0000:3679      strcpy_
Module: D:\FICHEROS\OC\lib286\dos\clibl.lib(strlen)
0000:36c4      strlen_
Module: D:\FICHEROS\OC\lib286\dos\clibl.lib(rand)
0000:36d9      rand_
0000:371b*     srand_
Module: D:\FICHEROS\OC\lib286\dos\clibl.lib(i4m)
0000:373e      __I4M
0000:373e      __U4M
Module: D:\FICHEROS\OC\lib286\dos\clibl.lib(i4d)
0000:3756      __I4D
0000:37a5      __U4D
Module: D:\FICHEROS\OC\lib286\dos\clibl.lib(clockdos)
0000:389f      clock_
Module: D:\FICHEROS\OC\lib286\dos\clibl.lib(fmalloc)
0000:38c6*     _fmalloc_
0000:38c6      malloc_
07a6:0768+     ___fheapbeg
07a6:076a      ___fheapRover
07a6:076c      ___LargestSizeB4Rover
Module: D:\FICHEROS\OC\lib286\dos\clibl.lib(ffree)
0000:39d6*     _ffree_
0000:39d6      free_
Module: D:\FICHEROS\OC\lib286\dos\clibl.lib(cstart)
07a6:0000*     __nullarea
07a6:076e*     __ovlflag
07a6:076f*     __intno
07a6:0770*     __ovlvec
0000:3a1e      _cstart_
0000:3bcf      __exit_
0000:3bec      __do_exit_with_msg_
0000:3ccb      __GETDS
Module: D:\FICHEROS\OC\lib286\dos\clibl.lib(cmodel)
0000:3cd6      _big_code_
0000:3cd6*     CodeModelMismatch
Module: D:\FICHEROS\OC\lib286\dos\clibl.lib(sscanf)
0000:3d01+     vsscanf_
0000:3d37      sscanf_
Module: D:\FICHEROS\OC\lib286\dos\clibl.lib(memcpy)
0000:3d57      memcpy_
Module: D:\FICHEROS\OC\lib286\dos\clibl.lib(intx086)
0000:3d79+     int86x_
0000:3e1a      int86_
Module: D:\FICHEROS\OC\lib286\dos\clibl.lib(vsprintf)
0000:3e60      vsprintf_
Module: D:\FICHEROS\OC\lib286\dos\clibl.lib(printf)
0000:3e8b      printf_
Module: D:\FICHEROS\OC\lib286\dos\clibl.lib(outp)
0000:3eac      outp_
Module: D:\FICHEROS\OC\lib286\dos\clibl.lib(inp)
0000:3eb6      inp_
Module: D:\FICHEROS\OC\lib286\dos\clibl.lib(fmemcpy)
0000:3ebe      _fmemcpy_
Module: D:\FICHEROS\OC\lib286\dos\clibl.lib(fmemmove)
0000:3ee3      _fmemmove_
Module: D:\FICHEROS\OC\lib286\dos\clibl.lib(intr)
0000:3f56      intr_
0000:3f66*     intrf_
Module: D:\FICHEROS\OC\lib286\dos\clibl.lib(xmsg)
0000:3f74*     __exit_with_msg_
0000:3f79      __fatal_runtime_error_
Module: D:\FICHEROS\OC\lib286\dos\clibl.lib(crwdata)
07a6:0774      __curbrk
07a6:077c      __STACKLOW
07a6:077e      __STACKTOP
07a6:0780      __cbyte
07a6:0782      __child
07a6:0784      __no87
07a6:0791      ___FPE_handler
07a6:0776      __psp
07a6:0785      __get_ovl_stack
07a6:0789      __restore_ovl_stack
07a6:078d      __close_ovl_file
07a6:0795      __LpCmdLine
07a6:0799      __LpPgmName
07a6:0778      __osmajor
07a6:0779      __osminor
07a6:077a      __osmode
07a6:077b      __HShift
Module: D:\FICHEROS\OC\lib286\dos\clibl.lib(mem)
0000:3fa0      __MemAllocator
0000:4066      __MemFree
Module: D:\FICHEROS\OC\lib286\dos\clibl.lib(growseg)
0000:41dd      __GrowSeg_
Module: D:\FICHEROS\OC\lib286\dos\clibl.lib(allocseg)
0000:42ac      __AllocSeg_
Module: D:\FICHEROS\OC\lib286\dos\clibl.lib(fmemneed)
0000:434b      __fmemneed_
Module: D:\FICHEROS\OC\lib286\dos\clibl.lib(nmalloc)
0000:434e      _nmalloc_
07a6:079e      ___nheapbeg
07a6:07a0      ___MiniHeapRover
07a6:07a2      ___LargestSizeB4MiniHeapRover
Module: D:\FICHEROS\OC\lib286\dos\clibl.lib(heapgrow)
0000:4425*     _heapgrow_
0000:4425*     _fheapgrow_
0000:4426      _nheapgrow_
Module: D:\FICHEROS\OC\lib286\dos\clibl.lib(nfree)
0000:449d      _nfree_
07a6:09ba+     ___MiniHeapFreeRover
Module: D:\FICHEROS\OC\lib286\dos\clibl.lib(cmain086)
0000:459a      __CMain
Module: D:\FICHEROS\OC\lib286\dos\clibl.lib(initrtns)
0000:45ec      __InitRtns
0000:45ec*     __FInitRtns
0000:4643      __FiniRtns
0000:4643*     __FFiniRtns
Module: D:\FICHEROS\OC\lib286\dos\clibl.lib(uselfn)
07a6:07a4      ___uselfn
Module: D:\FICHEROS\OC\lib286\dos\clibl.lib(dosseg)
0000:46a4      __DOSseg__
Module: D:\FICHEROS\OC\lib286\dos\clibl.lib(scnf)
0000:540e      __scnf_
Module: D:\FICHEROS\OC\lib286\dos\clibl.lib(dointr)
0000:5680      _DoINTR_
Module: D:\FICHEROS\OC\lib286\dos\clibl.lib(segread)
0000:59f5      segread_
Module: D:\FICHEROS\OC\lib286\dos\clibl.lib(prtf)
0000:6552      __prtf_
Module: D:\FICHEROS\OC\lib286\dos\clibl.lib(iob)
07a6:07a6      ___iob
07a6:09bc      ___OpenStreams
07a6:09c0      ___ClosedStreams
Module: D:\FICHEROS\OC\lib286\dos\clibl.lib(fprtf)
0000:67a6      __fprtf_
Module: D:\FICHEROS\OC\lib286\dos\clibl.lib(enterdb)
0000:6871      __EnterWVIDEO_
07a6:090e+     __WD_Present
Module: D:\FICHEROS\OC\lib286\dos\clibl.lib(heapen)
0000:6895*     _heapenable_
07a6:0910      ___heap_enabled
Module: D:\FICHEROS\OC\lib286\dos\clibl.lib(amblksiz)
07a6:0912      __amblksiz
Module: D:\FICHEROS\OC\lib286\dos\clibl.lib(nmemneed)
0000:68a6      __nmemneed_
Module: D:\FICHEROS\OC\lib286\dos\clibl.lib(grownear)
0000:6928      __LastFree_
0000:69a0      __ExpandDGROUP_
Module: D:\FICHEROS\OC\lib286\dos\clibl.lib(___argc)
07a6:09c4      ____Argv
07a6:09c8      ____Argc
Module: D:\FICHEROS\OC\lib286\dos\clibl.lib(exit)
0000:6aa5+     __null_int23_exit_
0000:6aa6      exit_
0000:6ad5*     _exit_
07a6:0914+     ___int23_exit
07a6:0918+     ___FPE_handler_exit
Module: D:\FICHEROS\OC\lib286\dos\clibl.lib(sgdef086)
07a6:096a      __Start_XI
07a6:0988      __End_XI
07a6:0988      __Start_YI
07a6:098e      __End_YI
Module: D:\FICHEROS\OC\lib286\dos\clibl.lib(isdigit)
0000:6aee      isdigit_
Module: D:\FICHEROS\OC\lib286\dos\clibl.lib(isspace)
0000:6b17      isspace_
Module: D:\FICHEROS\OC\lib286\dos\clibl.lib(mbislead)
0000:6b40      _ismbblead_
07a6:09ca      ___MBCSIsTable
Module: D:\FICHEROS\OC\lib286\dos\clibl.lib(mbtowc)
0000:6b5c      mbtowc_
Module: D:\FICHEROS\OC\lib286\dos\clibl.lib(bits)
07a6:05f4      __Bits
Module: D:\FICHEROS\OC\lib286\dos\clibl.lib(fdfs086)
0000:6bfe      __FDFS
Module: D:\FICHEROS\OC\lib286\dos\clibl.lib(noefgfmt)
07a6:091c      ___EFG_printf
07a6:0920      ___EFG_scanf
Module: D:\FICHEROS\OC\lib286\dos\clibl.lib(tolower)
0000:6c56      tolower_
Module: D:\FICHEROS\OC\lib286\dos\clibl.lib(i8m086)
0000:6c7f*     __I8M
0000:6c7f      __U8M
0000:6c64*     __I8ME
0000:6c64*     __U8ME
Module: D:\FICHEROS\OC\lib286\dos\clibl.lib(wctomb)
0000:6dc9      wctomb_
Module: D:\FICHEROS\OC\lib286\dos\clibl.lib(itoa)
0000:6df2+     utoa_
0000:6e4f      itoa_
Module: D:\FICHEROS\OC\lib286\dos\clibl.lib(lltoa)
0000:6e73      ulltoa_
0000:6f57*     lltoa_
Module: D:\FICHEROS\OC\lib286\dos\clibl.lib(strupr)
0000:6fb9      _strupr_
Module: D:\FICHEROS\OC\lib286\dos\clibl.lib(ltoa)
0000:6fdb      ultoa_
0000:704a*     ltoa_
Module: D:\FICHEROS\OC\lib286\dos\clibl.lib(initfile)
0000:7079      __InitFiles_
Module: D:\FICHEROS\OC\lib286\dos\clibl.lib(ioexit)
0000:71d4*     fcloseall_
0000:71db      __full_io_exit_
Module: D:\FICHEROS\OC\lib286\dos\clibl.lib(fputc)
0000:71e5      fputc_
Module: D:\FICHEROS\OC\lib286\dos\clibl.lib(ioalloc)
0000:72ba      __ioalloc_
Module: D:\FICHEROS\OC\lib286\dos\clibl.lib(flush)
0000:7354      __flush_
Module: D:\FICHEROS\OC\lib286\dos\clibl.lib(sbrk)
0000:748c      __brk_
0000:74f1*     sbrk_
Module: D:\FICHEROS\OC\lib286\dos\clibl.lib(istable)
07a6:05fc      __IsTable
Module: D:\FICHEROS\OC\lib286\dos\clibl.lib(mbinit)
0000:7569      __mbinit_
07a6:0924+     ___MBCodePage
Module: D:\FICHEROS\OC\lib286\dos\clibl.lib(alphabet)
0000:75e6      ___Alphabet
Module: D:\FICHEROS\OC\lib286\dos\clibl.lib(fclose)
0000:760b+     __doclose_
0000:76cf      __shutdown_stream_
0000:76e9*     fclose_
07a6:0acc+     ___RmTmpFileFn
Module: D:\FICHEROS\OC\lib286\dos\clibl.lib(freefp)
0000:7734      __freefp_
0000:77a9      __purgefp_
Module: D:\FICHEROS\OC\lib286\dos\clibl.lib(errno)
0000:77e5      __get_errno_ptr_
07a6:0ad0+     _errno
Module: D:\FICHEROS\OC\lib286\dos\clibl.lib(chktty)
0000:77ec      __chktty_
Module: D:\FICHEROS\OC\lib286\dos\clibl.lib(__lseek)
0000:7817      __lseek_
Module: D:\FICHEROS\OC\lib286\dos\clibl.lib(qwrit)
0000:7851      __qwrite_
Module: D:\FICHEROS\OC\lib286\dos\clibl.lib(fsync)
0000:78b3      fsync_
Module: D:\FICHEROS\OC\lib286\dos\clibl.lib(mbisdbcs)
07a6:0926      ___IsDBCS
Module: D:\FICHEROS\OC\lib286\dos\clibl.lib(getltdos)
0000:78b8      dos_get_dbcs_lead_table_
Module: D:\FICHEROS\OC\lib286\dos\clibl.lib(getcpdos)
0000:78e1      dos_get_code_page_
Module: D:\FICHEROS\OC\lib286\dos\clibl.lib(_clse)
0000:78f1      __close_
Module: D:\FICHEROS\OC\lib286\dos\clibl.lib(isatt)
0000:791e      isatty_
Module: D:\FICHEROS\OC\lib286\dos\clibl.lib(dosret)
0000:793a      __set_errno_dos_
0000:79c6*     __set_errno_dos_reterr_
Module: D:\FICHEROS\OC\lib286\dos\clibl.lib(iomode)
0000:79d1      __GetIOMode_
0000:79f6      __SetIOMode_
07a6:093c+     ___NFiles
07a6:093e+     ___init_mode
07a6:0966+     ___io_mode
Module: D:\FICHEROS\OC\lib286\dos\clibl.lib(filedos)
0000:7a19*     _dos_close_
0000:7a27      _dos_commit_
Module: D:\FICHEROS\OC\lib286\dos\clibl.lib(doserrno)
0000:7a36      __get_doserrno_ptr_
07a6:0ad2+     __doserrno
Module: D:\FICHEROS\OC\lib286\dos\clibl.lib(doserror)
0000:7a3e      __doserror_
0000:7a4c*     __doserror1_


                        +--------------------+
                        |   Libraries Used   |
                        +--------------------+

D:\FICHEROS\OC\lib286\dos\clibl.lib


                        +-----------------------+
                        |   Linker Statistics   |
                        +-----------------------+

Stack size:  0800 (2048.)
Memory size:  8d40 (36160.)
Entry point address: 0000:3a1e
Link time: 00:00.31
